// Jest Snapshot v1, https://goo.gl/fbAQLP

exports[`signUp debería desplegar la pantalla de signUp 1`] = `
"
    <header>
        <img src=\\"./assets/logo.png\\" alt=\\"Logo de Nova\\" id=\\"img-signup\\">
    </header>
    <main>
    <form class=\\"signUp color-line\\" id=\\"formRegister\\">
      <div class=\\"formContainer\\">
        <label for=\\"email\\">e-mail*</label><br>
        <input type=\\"email\\" id=\\"email\\" required=\\"\\"><br>
        <label for=\\"user\\">Nombre de usuario*</label><br>
        <input type=\\"text\\" id=\\"user\\" required=\\"\\"><br>
        <label for=\\"password\\">Contraseña*</label><br>
        <input type=\\"password\\" id=\\"password\\" required=\\"\\"><br>
        <label for=\\"passwordRepeat\\">Repite tu contraseña*</label><br>
        <input type=\\"password\\" id=\\"passwordRepeat\\" required=\\"\\"><br>  
      </div>
      <p id=\\"messageError\\"></p>
      <button class=\\"signUpButton\\" type=\\"submit\\" id=\\"signUpButton\\"> Registrarse </button>
    </form>
    </main>    
    <footer class=\\"signUpFooter\\">
      <a href=\\"#\\" id=\\"back\\" aria-label=\\"Link para regresar\\"><img src=\\"./assets/back.png\\" alt=\\"Ícono para regresar\\"></a>
    </footer>
"
`;
